# dmidecode 2.2
SMBIOS 2.3 present.
62 structures occupying 2143 bytes.
Table at 0x000FB2C0.
Handle 0x0000
	DMI type 0, 20 bytes.
	BIOS Information
		Vendor: Dell Computer Corporation
		Version: A20
		Release Date: 10/21/2004
		Address: 0xF0000
		Runtime Size: 64 kB
		ROM Size: 512 kB
		Characteristics:
			ISA is supported
			PCI is supported
			PNP is supported
			BIOS is upgradeable
			BIOS shadowing is allowed
			ESCD support is available
			Boot from CD is supported
			Selectable boot is supported
			EDD is supported
			Japanese floppy for Toshiba 1.2 MB is supported (int 13h)
			5.25"/360 KB floppy services are supported (int 13h)
			5.25"/1.2 MB floppy services are supported (int 13h)
			3.5"/720 KB floppy services are supported (int 13h)
			Print screen service is supported (int 5h)
			8042 keyboard services are supported (int 9h)
			Serial services are supported (int 14h)
			Printer services are supported (int 17h)
			CGA/mono video services are supported (int 10h)
			ACPI is supported
			USB legacy is supported
			LS-120 boot is supported
			BIOS boot specification is supported
			Function key-initiated network boot is supported
Handle 0x0100
	DMI type 1, 25 bytes.
	System Information
		Manufacturer: Dell Computer Corporation
		Product Name: PowerEdge 2650             
		Version: Not Specified
		Serial Number: 5NWY231
		UUID: 44454C4C-4E00-1057-8059-B5C04F323331
		Wake-up Type: Power Switch
Handle 0x0200
	DMI type 2, 9 bytes.
	Base Board Information
		Manufacturer: Dell Computer Corporation
		Product Name: 0K0710
		Version: A07
		Serial Number: ..MX4810936Q4B0X.
Handle 0x0300
	DMI type 3, 17 bytes.
	Chassis Information
		Manufacturer: Dell Computer Corporation
		Type: Rack Mount Chassis
		Lock: Present
		Version: Not Specified
		Serial Number: 5NWY231
		Asset Tag: Not Specified
		Boot-up State: Safe
		Power Supply State: Safe
		Thermal State: Safe
		Security Status: Unknown
		OEM Information: 0x00000000
Handle 0x0400
	DMI type 4, 35 bytes.
	Processor Information
		Socket Designation: Proc_1
		Type: Central Processor
		Family: Xeon
		Manufacturer: Intel
		ID: 27 0F 00 00 FF FB EB BF
		Signature: Type 0, Family F, Model 2, Stepping 7
		Flags:
			FPU (Floating-point unit on-chip)
			VME (Virtual mode extension)
			DE (Debugging extension)
			PSE (Page size extension)
			TSC (Time stamp counter)
			MSR (Model specific registers)
			PAE (Physical address extension)
			MCE (Machine check exception)
			CX8 (CMPXCHG8 instruction supported)
			APIC (On-chip APIC hardware supported)
			SEP (Fast system call)
			MTRR (Memory type range registers)
			PGE (Page global enable)
			MCA (Machine check architecture)
			CMOV (Conditional move instruction supported)
			PAT (Page attribute table)
			PSE-36 (36-bit page size extension)
			CLFSH (CLFLUSH instruction supported)
			DS (Debug store)
			ACPI (ACPI supported)
			MMX (MMX technology supported)
			FXSR (Fast floating-point save and restore)
			SSE (Streaming SIMD extensions)
			SSE2 (Streaming SIMD extensions 2)
			SS (Self-snoop)
			HTT (Hyper-threading technology)
			TM (Thermal monitor supported)
			SBF (Signal break on FERR)
		Version: Not Specified
		Voltage: 1.5 V
		External Clock: 400 MHz
		Max Speed: 3200 MHz
		Current Speed: 2000 MHz
		Status: Populated, Enabled
		Upgrade: ZIF Socket
		L1 Cache Handle: 0x0700
		L2 Cache Handle: 0x0701
		L3 Cache Handle: Not Provided
		Serial Number: Not Specified
		Asset Tag: Not Specified
		Part Number: Not Specified
Handle 0x0401
	DMI type 4, 35 bytes.
	Processor Information
		Socket Designation: Proc_2
		Type: Central Processor
		Family: Xeon
		Manufacturer: Intel
		ID: 00 00 00 00 00 00 00 00
		Signature: Type 0, Family 0, Model 0, Stepping 0
		Flags: None
		Version: Not Specified
		Voltage: 1.5 V
		External Clock: 400 MHz
		Max Speed: 3200 MHz
		Current Speed: Unknown
		Status: Unpopulated
		Upgrade: ZIF Socket
		L1 Cache Handle: 0x0703
		L2 Cache Handle: 0x0704
		L3 Cache Handle: Not Provided
		Serial Number: Not Specified
		Asset Tag: Not Specified
		Part Number: Not Specified
Handle 0x0700
	DMI type 7, 19 bytes.
	Cache Information
		Socket Designation: Not Specified
		Configuration: Enabled, Not Socketed, Level 1
		Operational Mode: Write Back
		Location: Internal
		Installed Size: 8 KB
		Maximum Size: 8 KB
		Supported SRAM Types:
			Unknown
		Installed SRAM Type: Unknown
		Speed: Unknown
		Error Correction Type: Single-bit ECC
		System Type: Data
		Associativity: 4-way Set-associative
Handle 0x0701
	DMI type 7, 19 bytes.
	Cache Information
		Socket Designation: Not Specified
		Configuration: Enabled, Not Socketed, Level 2
		Operational Mode: Varies With Memory Address
		Location: Internal
		Installed Size: 512 KB
		Maximum Size: 1024 KB
		Supported SRAM Types:
			Unknown
		Installed SRAM Type: Unknown
		Speed: Unknown
		Error Correction Type: Unknown
		System Type: Unified
		Associativity: 8-way Set-associative
Handle 0x0702
	DMI type 7, 19 bytes.
	Cache Information
		Socket Designation: Not Specified
		Configuration: Enabled, Not Socketed, Level 3
		Operational Mode: Varies With Memory Address
		Location: Internal
		Installed Size: 0 KB
		Maximum Size: 4096 KB
		Supported SRAM Types:
			Unknown
		Installed SRAM Type: Unknown
		Speed: Unknown
		Error Correction Type: Unknown
		System Type: Unified
		Associativity: 8-way Set-associative
Handle 0x0703
	DMI type 7, 19 bytes.
	Cache Information
		Socket Designation: Not Specified
		Configuration: Enabled, Not Socketed, Level 1
		Operational Mode: Write Back
		Location: Internal
		Installed Size: 0 KB
		Maximum Size: 8 KB
		Supported SRAM Types:
			Unknown
		Installed SRAM Type: Unknown
		Speed: Unknown
		Error Correction Type: Single-bit ECC
		System Type: Data
		Associativity: 4-way Set-associative
Handle 0x0704
	DMI type 7, 19 bytes.
	Cache Information
		Socket Designation: Not Specified
		Configuration: Enabled, Not Socketed, Level 2
		Operational Mode: Varies With Memory Address
		Location: Internal
		Installed Size: 0 KB
		Maximum Size: 1024 KB
		Supported SRAM Types:
			Unknown
		Installed SRAM Type: Unknown
		Speed: Unknown
		Error Correction Type: Unknown
		System Type: Unified
		Associativity: 8-way Set-associative
Handle 0x0705
	DMI type 7, 19 bytes.
	Cache Information
		Socket Designation: Not Specified
		Configuration: Enabled, Not Socketed, Level 3
		Operational Mode: Varies With Memory Address
		Location: Internal
		Installed Size: 0 KB
		Maximum Size: 4096 KB
		Supported SRAM Types:
			Unknown
		Installed SRAM Type: Unknown
		Speed: Unknown
		Error Correction Type: Unknown
		System Type: Unified
		Associativity: 8-way Set-associative
Handle 0x0800
	DMI type 8, 9 bytes.
	Port Connector Information
		Internal Reference Designator: PRIMARY SCSI CHANNEL A
		Internal Connector Type: 68 Pin Dual Inline
		External Reference Designator: Not Specified
		External Connector Type: None
		Port Type: SCSI Wide
Handle 0x0801
	DMI type 8, 9 bytes.
	Port Connector Information
		Internal Reference Designator: PRIMARY SCSI CHANNEL B
		Internal Connector Type: 68 Pin Dual Inline
		External Reference Designator: Not Specified
		External Connector Type: None
		Port Type: SCSI Wide
Handle 0x0802
	DMI type 8, 9 bytes.
	Port Connector Information
		Internal Reference Designator: Not Specified
		Internal Connector Type: None
		External Reference Designator: Not Specified
		External Connector Type: DB-9 male
		Port Type: Serial Port 16550A Compatible
Handle 0x0803
	DMI type 8, 9 bytes.
	Port Connector Information
		Internal Reference Designator: Not Specified
		Internal Connector Type: None
		External Reference Designator: Not Specified
		External Connector Type: DB-9 male
		Port Type: Serial Port 16550A Compatible
Handle 0x0804
	DMI type 8, 9 bytes.
	Port Connector Information
		Internal Reference Designator: Not Specified
		Internal Connector Type: None
		External Reference Designator: Not Specified
		External Connector Type: PS/2
		Port Type: Keyboard Port
Handle 0x0805
	DMI type 8, 9 bytes.
	Port Connector Information
		Internal Reference Designator: Not Specified
		Internal Connector Type: None
		External Reference Designator: Not Specified
		External Connector Type: Mini DIN
		Port Type: Mouse Port
Handle 0x0806
	DMI type 8, 9 bytes.
	Port Connector Information
		Internal Reference Designator: Not Specified
		Internal Connector Type: None
		External Reference Designator: Not Specified
		External Connector Type: Access Bus (USB)
		Port Type: USB
Handle 0x0807
	DMI type 8, 9 bytes.
	Port Connector Information
		Internal Reference Designator: Not Specified
		Internal Connector Type: None
		External Reference Designator: Not Specified
		External Connector Type: Access Bus (USB)
		Port Type: USB
Handle 0x0808
	DMI type 8, 9 bytes.
	Port Connector Information
		Internal Reference Designator: Not Specified
		Internal Connector Type: None
		External Reference Designator: Not Specified
		External Connector Type: Access Bus (USB)
		Port Type: USB
Handle 0x0809
	DMI type 8, 9 bytes.
	Port Connector Information
		Internal Reference Designator: Not Specified
		Internal Connector Type: None
		External Reference Designator: Not Specified
		External Connector Type: RJ-45
		Port Type: Network Port
Handle 0x080A
	DMI type 8, 9 bytes.
	Port Connector Information
		Internal Reference Designator: Not Specified
		Internal Connector Type: None
		External Reference Designator: Not Specified
		External Connector Type: RJ-45
		Port Type: Network Port
Handle 0x080B
	DMI type 8, 9 bytes.
	Port Connector Information
		Internal Reference Designator: Not Specified
		Internal Connector Type: None
		External Reference Designator: Not Specified
		External Connector Type: RJ-45
		Port Type: Network Port
Handle 0x080C
	DMI type 8, 9 bytes.
	Port Connector Information
		Internal Reference Designator: Not Specified
		Internal Connector Type: None
		External Reference Designator: Not Specified
		External Connector Type: DB-15 female
		Port Type: Video Port
Handle 0x080D
	DMI type 8, 9 bytes.
	Port Connector Information
		Internal Reference Designator: Not Specified
		Internal Connector Type: None
		External Reference Designator: Not Specified
		External Connector Type: Mini DIN
		Port Type: Keyboard Port
Handle 0x080E
	DMI type 8, 9 bytes.
	Port Connector Information
		Internal Reference Designator: Not Specified
		Internal Connector Type: None
		External Reference Designator: Not Specified
		External Connector Type: DB-15 female
		Port Type: Video Port
Handle 0x0900
	DMI type 9, 13 bytes.
	System Slot Information
		Designation: PCI1
		Type: 64-bit PCI-X
		Current Usage: Available
		Length: Long
		ID: 1
		Characteristics:
			3.3 V is provided
			PME signal is supported
Handle 0x0901
	DMI type 9, 13 bytes.
	System Slot Information
		Designation: PCI2
		Type: 64-bit PCI-X
		Current Usage: Available
		Length: Long
		ID: 2
		Characteristics:
			3.3 V is provided
			PME signal is supported
Handle 0x0902
	DMI type 9, 13 bytes.
	System Slot Information
		Designation: PCI3
		Type: 64-bit PCI-X
		Current Usage: Available
		Length: Long
		ID: 3
		Characteristics:
			3.3 V is provided
			PME signal is supported
Handle 0x0A00
	DMI type 10, 14 bytes.
	On Board Device Information
		Type: SCSI Controller
		Status: Enabled
		Description: Adaptec AIC-7899 LVD SCSI
	On Board Device Information
		Type: SCSI Controller
		Status: Enabled
		Description: Adaptec AIC-7899 LVD SCSI
	On Board Device Information
		Type: Video
		Status: Enabled
		Description: ATI Rage XL PCI Video
	On Board Device Information
		Type: Ethernet
		Status: Enabled
		Description: Broadcom Gigabit Ethernet 1
	On Board Device Information
		Type: Ethernet
		Status: Enabled
		Description: Broadcom Gigabit Ethernet 2
Handle 0x0B00
	DMI type 11, 5 bytes.
	OEM Strings
		String 1: Dell System
		String 2: 5[0000]
Handle 0x0C00
	DMI type 12, 5 bytes.
	System Configuration Options
		Option 1: NVRAM_CLR:  Clear user settable NVRAM areas and set defaults
		Option 2: PASSWD:   Close to enable password
Handle 0x0D00
	DMI type 13, 22 bytes.
	BIOS Language Information
		Installable Languages: 1
			en|US|iso8859-1
		Currently Installed Language: en|US|iso8859-1
Handle 0x1000
	DMI type 16, 15 bytes.
	Physical Memory Array
		Location: System Board Or Motherboard
		Use: System Memory
		Error Correction Type: Multi-bit ECC
		Maximum Capacity: 12 GB
		Error Information Handle: Not Provided
		Number Of Devices: 6
Handle 0x1100
	DMI type 17, 23 bytes.
	Memory Device
		Array Handle: 0x1000
		Error Information Handle: Not Provided
		Total Width: 72 bits
		Data Width: 64 bits
		Size: 1024 MB
		Form Factor: DIMM
		Set: 1
		Locator: BANK1_A
		Bank Locator: Not Specified
		Type: DDR
		Type Detail: Synchronous
		Speed: 200 MHz (5.0 ns)
Handle 0x1101
	DMI type 17, 23 bytes.
	Memory Device
		Array Handle: 0x1000
		Error Information Handle: Not Provided
		Total Width: 72 bits
		Data Width: 64 bits
		Size: 1024 MB
		Form Factor: DIMM
		Set: 1
		Locator: BANK1_B
		Bank Locator: Not Specified
		Type: DDR
		Type Detail: Synchronous
		Speed: 200 MHz (5.0 ns)
Handle 0x1102
	DMI type 17, 23 bytes.
	Memory Device
		Array Handle: 0x1000
		Error Information Handle: Not Provided
		Total Width: 72 bits
		Data Width: 64 bits
		Size: 1024 MB
		Form Factor: DIMM
		Set: 1
		Locator: BANK2_A
		Bank Locator: Not Specified
		Type: DDR
		Type Detail: Synchronous
		Speed: 200 MHz (5.0 ns)
Handle 0x1103
	DMI type 17, 23 bytes.
	Memory Device
		Array Handle: 0x1000
		Error Information Handle: Not Provided
		Total Width: 72 bits
		Data Width: 64 bits
		Size: 1024 MB
		Form Factor: DIMM
		Set: 1
		Locator: BANK2_B
		Bank Locator: Not Specified
		Type: DDR
		Type Detail: Synchronous
		Speed: 200 MHz (5.0 ns)
Handle 0x1104
	DMI type 17, 23 bytes.
	Memory Device
		Array Handle: 0x1000
		Error Information Handle: Not Provided
		Total Width: 72 bits
		Data Width: 64 bits
		Size: No Module Installed
		Form Factor: DIMM
		Set: 1
		Locator: BANK3_A
		Bank Locator: Not Specified
		Type: DDR
		Type Detail: Synchronous
		Speed: 200 MHz (5.0 ns)
Handle 0x1105
	DMI type 17, 23 bytes.
	Memory Device
		Array Handle: 0x1000
		Error Information Handle: Not Provided
		Total Width: 72 bits
		Data Width: 64 bits
		Size: No Module Installed
		Form Factor: DIMM
		Set: 1
		Locator: BANK3_B
		Bank Locator: Not Specified
		Type: DDR
		Type Detail: Synchronous
		Speed: 200 MHz (5.0 ns)
Handle 0x1300
	DMI type 19, 15 bytes.
	Memory Array Mapped Address
		Starting Address: 0x00000000000
		Ending Address: 0x000F7FFFFFF
		Range Size: 3968 MB
		Physical Array Handle: 0x1000
		Partition Width: 0
Handle 0x1301
	DMI type 126, 15 bytes.
	Inactive
Handle 0x1400
	DMI type 20, 19 bytes.
	Memory Device Mapped Address
		Starting Address: 0x00000000000
		Ending Address: 0x0007FFFFFFF
		Range Size: 2 GB
		Physical Device Handle: 0x1100
		Memory Array Mapped Address Handle: 0x1300
		Partition Row Position: 1
Handle 0x1401
	DMI type 20, 19 bytes.
	Memory Device Mapped Address
		Starting Address: 0x00000000000
		Ending Address: 0x0007FFFFFFF
		Range Size: 2 GB
		Physical Device Handle: 0x1101
		Memory Array Mapped Address Handle: 0x1300
		Partition Row Position: 2
Handle 0x1402
	DMI type 20, 19 bytes.
	Memory Device Mapped Address
		Starting Address: 0x00080000000
		Ending Address: 0x000F7FFFFFF
		Range Size: 1920 MB
		Physical Device Handle: 0x1102
		Memory Array Mapped Address Handle: 0x1300
		Partition Row Position: 1
Handle 0x1403
	DMI type 20, 19 bytes.
	Memory Device Mapped Address
		Starting Address: 0x00080000000
		Ending Address: 0x000F7FFFFFF
		Range Size: 1920 MB
		Physical Device Handle: 0x1103
		Memory Array Mapped Address Handle: 0x1300
		Partition Row Position: 2
Handle 0x1404
	DMI type 126, 19 bytes.
	Inactive
Handle 0x1405
	DMI type 126, 19 bytes.
	Inactive
Handle 0x140C
	DMI type 126, 19 bytes.
	Inactive
Handle 0x140D
	DMI type 126, 19 bytes.
	Inactive
Handle 0x2000
	DMI type 32, 11 bytes.
	System Boot Information
		Status: No errors detected
Handle 0x2600
	DMI type 38, 18 bytes.
	IPMI Device Information
		Interface Type: SMIC (Server Management Interface Chip)
		Specification Version: 1.0
		I2C Slave Address: 0x10
		NV Storage Device: Not Present
		Base Address: 0x000000000000ECF4 (I/O)
		Register Spacing: Successive Byte Boundaries
Handle 0xD000
	DMI type 208, 10 bytes.
	OEM-specific Type
		Header And Data:
			D0 0A 00 D0 01 04 FE 00 21 01
Handle 0xD200
	DMI type 210, 12 bytes.
	OEM-specific Type
		Header And Data:
			D2 0C 00 D2 F8 03 04 03 06 80 04 05
Handle 0xD201
	DMI type 210, 12 bytes.
	OEM-specific Type
		Header And Data:
			D2 0C 01 D2 F8 02 03 03 06 80 04 05
Handle 0xD400
	DMI type 212, 152 bytes.
	OEM-specific Type
		Header And Data:
			D4 98 00 D4 70 00 71 00 00 10 2D 2E 03 00 11 7F
			80 04 00 11 7F 00 0F 00 25 FC 00 10 00 25 FC 01
			11 00 25 FC 02 12 00 25 FC 03 13 00 25 F3 00 14
			00 25 F3 04 15 00 25 F3 08 16 00 25 F3 0C 42 00
			11 FE 01 43 00 11 FE 00 00 00 11 9F 20 00 00 11
			9F 00 B3 00 11 9F 00 B5 00 11 9F 20 B4 00 11 9F
			40 9D 00 11 FD 02 9E 00 11 FD 00 9F 00 26 FE 01
			A0 00 26 FE 00 51 00 26 3F 00 52 00 26 3F 40 53
			00 26 3F 80 54 00 26 3F C0 28 40 26 DF 20 29 40
			26 DF 00 FF FF 00 00 00
Handle 0xD401
	DMI type 212, 252 bytes.
	OEM-specific Type
		Header And Data:
			D4 FC 01 D4 70 00 71 00 03 40 5B 6D 6B 00 78 7F
			80 6C 00 78 7F 00 58 00 78 FA 05 59 00 78 FA 00
			5C 00 78 BF 40 5D 00 78 BF 00 04 80 78 FD 02 01
			A0 78 FD 00 19 00 55 E7 00 1A 00 55 E7 08 1B 00
			55 E7 10 FF 00 55 9F 40 FE 00 55 9F 20 FD 00 55
			9F 00 1E 00 55 FD 00 50 00 55 FD 02 8A 00 55 FE
			01 8B 00 55 FE 00 B6 00 59 F7 08 B7 00 59 F7 00
			B8 00 59 FB 04 B9 00 59 FB 00 CD 00 59 FD 02 CE
			00 59 FD 00 CF 00 59 FE 01 D0 00 59 FE 00 BF 00
			5B FC 00 C0 00 5B FC 01 D7 00 5B FC 02 1A 40 5B
			FB 04 1B 40 5B FB 00 1C 40 5B F7 08 1D 40 5B F7
			00 6E 00 58 F3 04 2D 00 58 F3 08 2E 00 58 F3 00
			BB 00 58 FC 01 BC 00 58 FC 02 BA 00 58 FC 00 22
			40 58 EF 10 23 40 58 EF 00 D8 00 55 7F 80 D9 00
			55 7F 00 00 C0 5C 00 0A 03 C0 67 00 05 83 00 76
			00 00 84 00 77 00 00 FF FF 00 00 00
Handle 0xD402
	DMI type 212, 117 bytes.
	OEM-specific Type
		Header And Data:
			D4 75 02 D4 72 00 73 00 00 40 5D 5E C1 00 40 FE
			00 C2 00 40 FE 01 C3 00 40 FD 02 C4 00 40 FD 00
			C7 00 41 FC 00 C8 00 41 FC 01 C9 00 41 FC 02 D3
			00 00 00 02 D4 00 02 00 02 DA 00 77 FB 04 DB 00
			77 FB 00 00 00 77 FC 00 00 00 77 FC 01 00 00 77
			F7 00 00 00 77 F7 08 DE 00 76 FE 01 06 40 7F FB
			04 07 40 7F FB 00 D1 00 7E FE 00 D2 00 7E FE 01
			FF FF 00 00 00
Handle 0xD800
	DMI type 216, 9 bytes.
	OEM-specific Type
		Header And Data:
			D8 09 00 D8 01 02 01 00 00
		Strings:
			ATI
			Rage XL V4.333
Handle 0xDE00
	DMI type 222, 13 bytes.
	OEM-specific Type
		Header And Data:
			DE 0D 00 DE 01 02 00 00 06 10 02 19 53
Handle 0x7F00
	DMI type 127, 4 bytes.
	End Of Table
